lung_api  |   File "/usr/local/lib/python3.11/site-packages/sqlalchemy/orm/session.py", line 1193, in _prepare_impl
lung_api  |     self.session.flush()
lung_api  |   File "/usr/local/lib/python3.11/site-packages/sqlalchemy/orm/session.py", line 4140, in flush
lung_api  |     self._flush(objects)
lung_api  |   File "/usr/local/lib/python3.11/site-packages/sqlalchemy/orm/session.py", line 4276, in _flush
lung_api  |     with util.safe_reraise():
lung_api  |   File "/usr/local/lib/python3.11/site-packages/sqlalchemy/util/langhelpers.py", line 147, in __exit__
lung_api  |     raise exc_value.with_traceback(exc_tb)
lung_api  |   File "/usr/local/lib/python3.11/site-packages/sqlalchemy/orm/session.py", line 4237, in _flush
lung_api  |     flush_context.execute()
lung_api  |   File "/usr/local/lib/python3.11/site-packages/sqlalchemy/orm/unitofwork.py", line 467, in execute
lung_api  |     rec.execute(self)
lung_api  |   File "/usr/local/lib/python3.11/site-packages/sqlalchemy/orm/unitofwork.py", line 644, in execute
lung_api  |     util.preloaded.orm_persistence.save_obj(
lung_api  |   File "/usr/local/lib/python3.11/site-packages/sqlalchemy/orm/persistence.py", line 93, in save_obj
lung_api  |     _emit_insert_statements(
lung_api  |   File "/usr/local/lib/python3.11/site-packages/sqlalchemy/orm/persistence.py", line 1188, in _emit_insert_statements
lung_api  |     result = connection.execute(
lung_api  |              ^^^^^^^^^^^^^^^^^^^
lung_api  |   File "/usr/local/lib/python3.11/site-packages/sqlalchemy/engine/base.py", line 1414, in execute
lung_api  |     return meth(
lung_api  |            ^^^^^
lung_api  |   File "/usr/local/lib/python3.11/site-packages/sqlalchemy/sql/elements.py", line 489, in _execute_on_connection
lung_api  |     return connection._execute_clauseelement(
lung_api  |            ^^^^^^^^^^^^^^^^^^^^^^^^^^^^^^^^^^
lung_api  |   File "/usr/local/lib/python3.11/site-packages/sqlalchemy/engine/base.py", line 1638, in _execute_clauseelement
lung_api  |     ret = self._execute_context(
lung_api  |           ^^^^^^^^^^^^^^^^^^^^^^
lung_api  |   File "/usr/local/lib/python3.11/site-packages/sqlalchemy/engine/base.py", line 1842, in _execute_context
lung_api  |     return self._exec_single_context(
lung_api  |            ^^^^^^^^^^^^^^^^^^^^^^^^^^
lung_api  |   File "/usr/local/lib/python3.11/site-packages/sqlalchemy/engine/base.py", line 1983, in _exec_single_context
lung_api  |     self._handle_dbapi_exception(
lung_api  |   File "/usr/local/lib/python3.11/site-packages/sqlalchemy/engine/base.py", line 2325, in _handle_dbapi_exception
lung_api  |     raise sqlalchemy_exception.with_traceback(exc_info[2]) from e
lung_api  |   File "/usr/local/lib/python3.11/site-packages/sqlalchemy/engine/base.py", line 1964, in _exec_single_context
lung_api  |     self.dialect.do_execute(
lung_api  |   File "/usr/local/lib/python3.11/site-packages/sqlalchemy/engine/default.py", line 747, in do_execute
lung_api  |     cursor.execute(statement, parameters)
lung_api  |   File "/usr/local/lib/python3.11/site-packages/sqlalchemy/dialects/postgresql/asyncpg.py", line 515, in execute
lung_api  |     self._adapt_connection.await_(
lung_api  |   File "/usr/local/lib/python3.11/site-packages/sqlalchemy/util/_concurrency_py3k.py", line 102, in await_only
lung_api  |     return current.driver.switch(awaitable)  # type: ignore[no-any-return]
lung_api  |            ^^^^^^^^^^^^^^^^^^^^^^^^^^^^^^^^
lung_api  |   File "/usr/local/lib/python3.11/site-packages/sqlalchemy/util/_concurrency_py3k.py", line 160, in greenlet_spawn
lung_api  |     value = await result
lung_api  |             ^^^^^^^^^^^^
lung_api  |   File "/usr/local/lib/python3.11/site-packages/sqlalchemy/dialects/postgresql/asyncpg.py", line 494, in _prepare_and_execute
lung_api  |     self._handle_exception(error)
lung_api  |   File "/usr/local/lib/python3.11/site-packages/sqlalchemy/dialects/postgresql/asyncpg.py", line 444, in _handle_exception
lung_api  |     self._adapt_connection._handle_exception(error)
lung_api  |   File "/usr/local/lib/python3.11/site-packages/sqlalchemy/dialects/postgresql/asyncpg.py", line 717, in _handle_exception
lung_api  |     raise translated_error from error
lung_api  | sqlalchemy.exc.IntegrityError: (sqlalchemy.dialects.postgresql.asyncpg.IntegrityError) <class 'asyncpg.exceptions.NotNullViolationError'>: null value in column "hospital_id" of relation "users" violates not-null constraint
lung_api  | DETAIL:  Failing row contains (6971011f-de78-4216-a4dc-33adec0ba631, null, admin@test.com, $argon2id$v=19$m=65536,t=12,p=4$/58zRsh5z5kTwngvpTSG0A$BmrKsDk8O..., System Admin, Admin, Active, null, 2026-02-28 08:38:08.666928, null).
lung_api  | [SQL: INSERT INTO users (user_id, hospital_id, email, password_hash, name, role, status, phone_number, last_login) VALUES ($1::UUID, $2::UUID, $3::VARCHAR, $4::VARCHAR, $5::VARCHAR, $6::role, $7::userstatus, $8::VARCHAR, $9::TIMESTAMP WITHOUT TIME ZONE) RETURNING users.created_at]
lung_api  | [parameters: (UUID('6971011f-de78-4216-a4dc-33adec0ba631'), None, 'admin@test.com', '$argon2id$v=19$m=65536,t=12,p=4$/58zRsh5z5kTwngvpTSG0A$BmrKsDk8O/AVGLNr26Wz5FywsTMp0/LUP00a5hT9ofA', 'System Admin', 'Admin', 'Active', None, None)]
lung_api  | (Background on this error at: https://sqlalche.me/e/20/gkpj)
lung_api  | 
lung_api  | ERROR:    Application startup failed. Exiting.
lung_api  | ERROR:    Traceback (most recent call last):
lung_api  |   File "/usr/local/lib/python3.11/site-packages/sqlalchemy/dialects/postgresql/asyncpg.py", line 482, in _prepare_and_execute
lung_api  |     self._rows = await prepared_stmt.fetch(*parameters)
lung_api  |                  ^^^^^^^^^^^^^^^^^^^^^^^^^^^^^^^^^^^^^^
lung_api  |   File "/usr/local/lib/python3.11/site-packages/asyncpg/prepared_stmt.py", line 177, in fetch
lung_api  |     data = await self.__bind_execute(args, 0, timeout)
lung_api  |            ^^^^^^^^^^^^^^^^^^^^^^^^^^^^^^^^^^^^^^^^^^^
lung_api  |   File "/usr/local/lib/python3.11/site-packages/asyncpg/prepared_stmt.py", line 268, in __bind_execute
lung_api  |     data, status, _ = await self.__do_execute(
lung_api  |                       ^^^^^^^^^^^^^^^^^^^^^^^^
lung_api  |   File "/usr/local/lib/python3.11/site-packages/asyncpg/prepared_stmt.py", line 257, in __do_execute
lung_api  |     return await executor(protocol)
lung_api  |            ^^^^^^^^^^^^^^^^^^^^^^^^
lung_api  |   File "asyncpg/protocol/protocol.pyx", line 205, in bind_execute
lung_api  | asyncpg.exceptions.NotNullViolationError: null value in column "hospital_id" of relation "users" violates not-null constraint
lung_api  | DETAIL:  Failing row contains (6e846a60-7ad7-4d0d-acbb-75c8b587a679, null, admin@test.com, $argon2id$v=19$m=65536,t=12,p=4$y5mTkrIWgjCmNKYUIqT0Xg$9QXmwcnSv..., System Admin, Admin, Active, null, 2026-02-28 08:38:09.141553, null).
lung_api  | 
lung_api  | The above exception was the direct cause of the following exception:
lung_api  | 
lung_api  | Traceback (most recent call last):
lung_api  |   File "/usr/local/lib/python3.11/site-packages/sqlalchemy/engine/base.py", line 1964, in _exec_single_context
lung_api  |     self.dialect.do_execute(
lung_api  |   File "/usr/local/lib/python3.11/site-packages/sqlalchemy/engine/default.py", line 747, in do_execute
lung_api  |     cursor.execute(statement, parameters)
lung_api  |   File "/usr/local/lib/python3.11/site-packages/sqlalchemy/dialects/postgresql/asyncpg.py", line 515, in execute
lung_api  |     self._adapt_connection.await_(
lung_api  |   File "/usr/local/lib/python3.11/site-packages/sqlalchemy/util/_concurrency_py3k.py", line 102, in await_only
lung_api  |     return current.driver.switch(awaitable)  # type: ignore[no-any-return]
lung_api  |            ^^^^^^^^^^^^^^^^^^^^^^^^^^^^^^^^
lung_api  |   File "/usr/local/lib/python3.11/site-packages/sqlalchemy/util/_concurrency_py3k.py", line 160, in greenlet_spawn
lung_api  |     value = await result
lung_api  |             ^^^^^^^^^^^^
lung_api  |   File "/usr/local/lib/python3.11/site-packages/sqlalchemy/dialects/postgresql/asyncpg.py", line 494, in _prepare_and_execute
lung_api  |     self._handle_exception(error)
lung_api  |   File "/usr/local/lib/python3.11/site-packages/sqlalchemy/dialects/postgresql/asyncpg.py", line 444, in _handle_exception
lung_api  |     self._adapt_connection._handle_exception(error)
lung_api  |   File "/usr/local/lib/python3.11/site-packages/sqlalchemy/dialects/postgresql/asyncpg.py", line 717, in _handle_exception
lung_api  |     raise translated_error from error
lung_api  | sqlalchemy.dialects.postgresql.asyncpg.AsyncAdapt_asyncpg_dbapi.IntegrityError: <class 'asyncpg.exceptions.NotNullViolationError'>: null value in column "hospital_id" of relation "users" violates not-null constraint
lung_api  | DETAIL:  Failing row contains (6e846a60-7ad7-4d0d-acbb-75c8b587a679, null, admin@test.com, $argon2id$v=19$m=65536,t=12,p=4$y5mTkrIWgjCmNKYUIqT0Xg$9QXmwcnSv..., System Admin, Admin, Active, null, 2026-02-28 08:38:09.141553, null).
lung_api  | 
lung_api  | The above exception was the direct cause of the following exception:
lung_api  | 
lung_api  | Traceback (most recent call last):
lung_api  |   File "/usr/local/lib/python3.11/site-packages/starlette/routing.py", line 693, in lifespan
lung_api  |     async with self.lifespan_context(app) as maybe_state:
lung_api  |   File "/usr/local/lib/python3.11/contextlib.py", line 210, in __aenter__
lung_api  |     return await anext(self.gen)
lung_api  |            ^^^^^^^^^^^^^^^^^^^^^
lung_api  |   File "/usr/local/lib/python3.11/site-packages/fastapi/routing.py", line 133, in merged_lifespan
lung_api  |     async with original_context(app) as maybe_original_state:
lung_api  |   File "/usr/local/lib/python3.11/contextlib.py", line 210, in __aenter__
lung_api  |     return await anext(self.gen)
lung_api  |            ^^^^^^^^^^^^^^^^^^^^^
lung_api  |   File "/usr/local/lib/python3.11/site-packages/fastapi/routing.py", line 133, in merged_lifespan
lung_api  |     async with original_context(app) as maybe_original_state:
lung_api  |   File "/usr/local/lib/python3.11/contextlib.py", line 210, in __aenter__
lung_api  |     return await anext(self.gen)
lung_api  |            ^^^^^^^^^^^^^^^^^^^^^
lung_api  |   File "/app/app/main.py", line 55, in lifespan
lung_api  |     await session.commit()
lung_api  |   File "/usr/local/lib/python3.11/site-packages/sqlalchemy/ext/asyncio/session.py", line 807, in commit
lung_api  |     await greenlet_spawn(self.sync_session.commit)
lung_api  |   File "/usr/local/lib/python3.11/site-packages/sqlalchemy/util/_concurrency_py3k.py", line 167, in greenlet_spawn
lung_api  |     result = context.switch(value)
lung_api  |              ^^^^^^^^^^^^^^^^^^^^^
lung_api  |   File "/usr/local/lib/python3.11/site-packages/sqlalchemy/orm/session.py", line 1903, in commit
lung_api  |     trans.commit(_to_root=True)
lung_api  |   File "<string>", line 2, in commit
lung_api  |   File "/usr/local/lib/python3.11/site-packages/sqlalchemy/orm/state_changes.py", line 137, in _go
lung_api  |     ret_value = fn(self, *arg, **kw)
lung_api  |                 ^^^^^^^^^^^^^^^^^^^^
lung_api  |   File "/usr/local/lib/python3.11/site-packages/sqlalchemy/orm/session.py", line 1218, in commit
lung_api  |     self._prepare_impl()
lung_api  |   File "<string>", line 2, in _prepare_impl
lung_api  |   File "/usr/local/lib/python3.11/site-packages/sqlalchemy/orm/state_changes.py", line 137, in _go
lung_api  |     ret_value = fn(self, *arg, **kw)
lung_api  |                 ^^^^^^^^^^^^^^^^^^^^
lung_api  |   File "/usr/local/lib/python3.11/site-packages/sqlalchemy/orm/session.py", line 1193, in _prepare_impl
lung_api  |     self.session.flush()
lung_api  |   File "/usr/local/lib/python3.11/site-packages/sqlalchemy/orm/session.py", line 4140, in flush
lung_api  |     self._flush(objects)
lung_api  |   File "/usr/local/lib/python3.11/site-packages/sqlalchemy/orm/session.py", line 4276, in _flush
lung_api  |     with util.safe_reraise():
lung_api  |   File "/usr/local/lib/python3.11/site-packages/sqlalchemy/util/langhelpers.py", line 147, in __exit__
lung_api  |     raise exc_value.with_traceback(exc_tb)
lung_api  |   File "/usr/local/lib/python3.11/site-packages/sqlalchemy/orm/session.py", line 4237, in _flush
lung_api  |     flush_context.execute()
lung_api  |   File "/usr/local/lib/python3.11/site-packages/sqlalchemy/orm/unitofwork.py", line 467, in execute
lung_api  |     rec.execute(self)
lung_api  |   File "/usr/local/lib/python3.11/site-packages/sqlalchemy/orm/unitofwork.py", line 644, in execute
lung_api  |     util.preloaded.orm_persistence.save_obj(
lung_api  |   File "/usr/local/lib/python3.11/site-packages/sqlalchemy/orm/persistence.py", line 93, in save_obj
lung_api  |     _emit_insert_statements(
lung_api  |   File "/usr/local/lib/python3.11/site-packages/sqlalchemy/orm/persistence.py", line 1188, in _emit_insert_statements
lung_api  |     result = connection.execute(
lung_api  |              ^^^^^^^^^^^^^^^^^^^
lung_api  |   File "/usr/local/lib/python3.11/site-packages/sqlalchemy/engine/base.py", line 1414, in execute
lung_api  |     return meth(
lung_api  |            ^^^^^
lung_api  |   File "/usr/local/lib/python3.11/site-packages/sqlalchemy/sql/elements.py", line 489, in _execute_on_connection
lung_api  |     return connection._execute_clauseelement(
lung_api  |            ^^^^^^^^^^^^^^^^^^^^^^^^^^^^^^^^^^
lung_api  |   File "/usr/local/lib/python3.11/site-packages/sqlalchemy/engine/base.py", line 1638, in _execute_clauseelement
lung_api  |     ret = self._execute_context(
lung_api  |           ^^^^^^^^^^^^^^^^^^^^^^
lung_api  |   File "/usr/local/lib/python3.11/site-packages/sqlalchemy/engine/base.py", line 1842, in _execute_context
lung_api  |     return self._exec_single_context(
lung_api  |            ^^^^^^^^^^^^^^^^^^^^^^^^^^
lung_api  |   File "/usr/local/lib/python3.11/site-packages/sqlalchemy/engine/base.py", line 1983, in _exec_single_context
lung_api  |     self._handle_dbapi_exception(
lung_api  |   File "/usr/local/lib/python3.11/site-packages/sqlalchemy/engine/base.py", line 2325, in _handle_dbapi_exception
lung_api  |     raise sqlalchemy_exception.with_traceback(exc_info[2]) from e
lung_api  |   File "/usr/local/lib/python3.11/site-packages/sqlalchemy/engine/base.py", line 1964, in _exec_single_context
lung_api  |     self.dialect.do_execute(
lung_api  |   File "/usr/local/lib/python3.11/site-packages/sqlalchemy/engine/default.py", line 747, in do_execute
lung_api  |     cursor.execute(statement, parameters)
lung_api  |   File "/usr/local/lib/python3.11/site-packages/sqlalchemy/dialects/postgresql/asyncpg.py", line 515, in execute
lung_api  |     self._adapt_connection.await_(
lung_api  |   File "/usr/local/lib/python3.11/site-packages/sqlalchemy/util/_concurrency_py3k.py", line 102, in await_only
lung_api  |     return current.driver.switch(awaitable)  # type: ignore[no-any-return]
lung_api  |            ^^^^^^^^^^^^^^^^^^^^^^^^^^^^^^^^
lung_api  |   File "/usr/local/lib/python3.11/site-packages/sqlalchemy/util/_concurrency_py3k.py", line 160, in greenlet_spawn
lung_api  |     value = await result
lung_api  |             ^^^^^^^^^^^^
lung_api  |   File "/usr/local/lib/python3.11/site-packages/sqlalchemy/dialects/postgresql/asyncpg.py", line 494, in _prepare_and_execute
lung_api  |     self._handle_exception(error)
lung_api  |   File "/usr/local/lib/python3.11/site-packages/sqlalchemy/dialects/postgresql/asyncpg.py", line 444, in _handle_exception
lung_api  |     self._adapt_connection._handle_exception(error)
lung_api  |   File "/usr/local/lib/python3.11/site-packages/sqlalchemy/dialects/postgresql/asyncpg.py", line 717, in _handle_exception
lung_api  |     raise translated_error from error
lung_api  | sqlalchemy.exc.IntegrityError: (sqlalchemy.dialects.postgresql.asyncpg.IntegrityError) <class 'asyncpg.exceptions.NotNullViolationError'>: null value in column "hospital_id" of relation "users" violates not-null constraint
lung_api  | DETAIL:  Failing row contains (6e846a60-7ad7-4d0d-acbb-75c8b587a679, null, admin@test.com, $argon2id$v=19$m=65536,t=12,p=4$y5mTkrIWgjCmNKYUIqT0Xg$9QXmwcnSv..., System Admin, Admin, Active, null, 2026-02-28 08:38:09.141553, null).
lung_api  | [SQL: INSERT INTO users (user_id, hospital_id, email, password_hash, name, role, status, phone_number, last_login) VALUES ($1::UUID, $2::UUID, $3::VARCHAR, $4::VARCHAR, $5::VARCHAR, $6::role, $7::userstatus, $8::VARCHAR, $9::TIMESTAMP WITHOUT TIME ZONE) RETURNING users.created_at]
lung_api  | [parameters: (UUID('6e846a60-7ad7-4d0d-acbb-75c8b587a679'), None, 'admin@test.com', '$argon2id$v=19$m=65536,t=12,p=4$y5mTkrIWgjCmNKYUIqT0Xg$9QXmwcnSvtA7fp4ZF/I5l94+AwROI8EhH7/EraGKM30', 'System Admin', 'Admin', 'Active', None, None)]
lung_api  | (Background on this error at: https://sqlalche.me/e/20/gkpj)
lung_api  | 
lung_api  | ERROR:    Application startup failed. Exiting.
lung_api  | INFO:     Waiting for child process [36440]
lung_api  | INFO:     Child process [36440] died
